{"time":"2025-10-27T09:50:51.471052+06:00","level":"INFO","msg":"Config initialized successfully","env":"dev"}
{"time":"2025-10-27T09:50:51.483252+06:00","level":"INFO","msg":"Database connected successfully","host":"localhost","port":"5432","username":"postgres","dbname":"easy_commerce_temp","env":"dev","show_log":"true"}
{"time":"2025-10-27T09:50:51.506242+06:00","level":"INFO","msg":"User role ALREADY EXISTS","method":"createUserRoleIfNotExists","type":"USER"}
{"time":"2025-10-27T09:50:51.581491+06:00","level":"INFO","msg":"Super Admin role ALREADY EXISTS","method":"createSuperAdminRoleIfNotExists","type":"SUPER_ADMIN"}
{"time":"2025-10-27T09:50:51.585424+06:00","level":"INFO","msg":"Super Admin user ALREADY EXISTS","method":"createSuperAdminRoleAndUserIfNotExists","email":"super123@admin.com"}
{"time":"2025-10-27T09:50:51.586906+06:00","level":"INFO","msg":"Server starting","port":"8080"}
{"time":"2025-10-27T10:42:02.412411+06:00","level":"INFO","msg":"Config initialized successfully","env":"dev"}
{"time":"2025-10-27T10:42:02.43025+06:00","level":"INFO","msg":"Database connected successfully","host":"localhost","port":"5432","username":"postgres","dbname":"easy_commerce_temp","env":"dev","show_log":"true"}
{"time":"2025-10-27T10:42:02.439694+06:00","level":"INFO","msg":"User role ALREADY EXISTS","method":"createUserRoleIfNotExists","type":"USER"}
{"time":"2025-10-27T10:42:02.513906+06:00","level":"INFO","msg":"Super Admin role ALREADY EXISTS","method":"createSuperAdminRoleIfNotExists","type":"SUPER_ADMIN"}
{"time":"2025-10-27T10:42:02.516028+06:00","level":"INFO","msg":"Super Admin user ALREADY EXISTS","method":"createSuperAdminRoleAndUserIfNotExists","email":"super123@admin.com"}
{"time":"2025-10-27T10:42:02.517582+06:00","level":"INFO","msg":"Server starting","port":"8080"}
{"time":"2025-10-27T10:42:09.503967+06:00","level":"INFO","msg":"🟢 START-REQUEST 🟢","path":"/auth/login","http-method":"POST"}
{"time":"2025-10-27T10:42:09.603609+06:00","level":"INFO","msg":"✅ END-REQUEST ✅","path":"/auth/login","http-method":"POST","duration":"99.646ms"}
{"time":"2025-10-27T10:42:11.032124+06:00","level":"INFO","msg":"🟢 START-REQUEST 🟢","path":"/auth/login","http-method":"POST"}
{"time":"2025-10-27T10:42:11.110868+06:00","level":"INFO","msg":"✅ END-REQUEST ✅","path":"/auth/login","http-method":"POST","duration":"78.745ms"}
{"time":"2025-10-27T10:42:13.863303+06:00","level":"INFO","msg":"🟢 START-REQUEST 🟢","path":"/auth/login","http-method":"POST"}
{"time":"2025-10-27T10:42:13.972048+06:00","level":"INFO","msg":"✅ END-REQUEST ✅","path":"/auth/login","http-method":"POST","duration":"108.75ms"}
{"time":"2025-10-27T12:37:26.634383+06:00","level":"INFO","msg":"Config initialized successfully","env":"dev"}
{"time":"2025-10-27T12:37:26.645486+06:00","level":"INFO","msg":"Database connected successfully","host":"localhost","port":"5432","username":"postgres","dbname":"easy_commerce_temp","env":"dev","show_log":"true"}
{"time":"2025-10-27T12:37:26.662762+06:00","level":"INFO","msg":"User role ALREADY EXISTS","method":"createUserRoleIfNotExists","type":"USER"}
{"time":"2025-10-27T12:37:26.741237+06:00","level":"INFO","msg":"Super Admin role ALREADY EXISTS","method":"createSuperAdminRoleIfNotExists","type":"SUPER_ADMIN"}
{"time":"2025-10-27T12:37:26.744395+06:00","level":"INFO","msg":"Super Admin user ALREADY EXISTS","method":"createSuperAdminRoleAndUserIfNotExists","email":"super123@admin.com"}
{"time":"2025-10-27T12:37:26.746404+06:00","level":"INFO","msg":"Server starting","port":"8080"}
{"time":"2025-10-27T13:03:06.745204+06:00","level":"INFO","msg":"Config initialized successfully","env":"dev"}
{"time":"2025-10-27T13:03:06.755422+06:00","level":"INFO","msg":"Database connected successfully","host":"localhost","port":"5432","username":"postgres","dbname":"easy_commerce_temp","env":"dev","show_log":"true"}
{"time":"2025-10-27T13:03:06.766919+06:00","level":"INFO","msg":"User role ALREADY EXISTS","method":"createUserRoleIfNotExists","type":"USER"}
{"time":"2025-10-27T13:03:06.850096+06:00","level":"INFO","msg":"Super Admin role ALREADY EXISTS","method":"createSuperAdminRoleIfNotExists","type":"SUPER_ADMIN"}
{"time":"2025-10-27T13:03:06.85364+06:00","level":"INFO","msg":"Super Admin user ALREADY EXISTS","method":"createSuperAdminRoleAndUserIfNotExists","email":"super123@admin.com"}
{"time":"2025-10-27T13:03:06.855188+06:00","level":"INFO","msg":"Server starting","port":"8080"}
{"time":"2025-10-27T13:23:45.503982+06:00","level":"INFO","msg":"Config initialized successfully","env":"dev"}
{"time":"2025-10-27T13:23:45.518541+06:00","level":"INFO","msg":"Database connected successfully","host":"localhost","port":"5432","username":"postgres","dbname":"easy_commerce_temp","env":"dev","show_log":"true"}
{"time":"2025-10-27T13:23:45.526656+06:00","level":"INFO","msg":"User role ALREADY EXISTS","method":"createUserRoleIfNotExists","type":"USER"}
{"time":"2025-10-27T13:23:45.597484+06:00","level":"INFO","msg":"Super Admin role ALREADY EXISTS","method":"createSuperAdminRoleIfNotExists","type":"SUPER_ADMIN"}
{"time":"2025-10-27T13:23:45.599608+06:00","level":"INFO","msg":"Super Admin user ALREADY EXISTS","method":"createSuperAdminRoleAndUserIfNotExists","email":"super123@admin.com"}
{"time":"2025-10-27T13:23:45.601637+06:00","level":"INFO","msg":"Server starting","port":"8080"}
{"time":"2025-10-27T13:39:14.641584+06:00","level":"INFO","msg":"Config initialized successfully","env":"dev"}
{"time":"2025-10-27T13:39:14.653656+06:00","level":"INFO","msg":"Database connected successfully","host":"localhost","port":"5432","username":"postgres","dbname":"easy_commerce_temp","env":"dev","show_log":"true"}
{"time":"2025-10-27T13:39:14.661299+06:00","level":"INFO","msg":"User role ALREADY EXISTS","method":"createUserRoleIfNotExists","type":"USER"}
{"time":"2025-10-27T13:39:14.732281+06:00","level":"INFO","msg":"Super Admin role ALREADY EXISTS","method":"createSuperAdminRoleIfNotExists","type":"SUPER_ADMIN"}
{"time":"2025-10-27T13:39:14.733581+06:00","level":"INFO","msg":"Super Admin user ALREADY EXISTS","method":"createSuperAdminRoleAndUserIfNotExists","email":"super123@admin.com"}
{"time":"2025-10-27T13:39:14.735716+06:00","level":"INFO","msg":"Server starting","port":"8080"}
{"time":"2025-10-27T13:44:08.824421+06:00","level":"INFO","msg":"Config initialized successfully","env":"dev"}
{"time":"2025-10-27T13:44:08.844271+06:00","level":"INFO","msg":"Database connected successfully","host":"localhost","port":"5432","username":"postgres","dbname":"easy_commerce_temp","env":"dev","show_log":"true"}
{"time":"2025-10-27T13:44:08.852036+06:00","level":"INFO","msg":"User role ALREADY EXISTS","method":"createUserRoleIfNotExists","type":"USER"}
{"time":"2025-10-27T13:44:08.924701+06:00","level":"INFO","msg":"Super Admin role ALREADY EXISTS","method":"createSuperAdminRoleIfNotExists","type":"SUPER_ADMIN"}
{"time":"2025-10-27T13:44:08.926225+06:00","level":"INFO","msg":"Super Admin user ALREADY EXISTS","method":"createSuperAdminRoleAndUserIfNotExists","email":"super123@admin.com"}
{"time":"2025-10-27T13:44:08.928288+06:00","level":"INFO","msg":"Server starting","port":"8080"}
{"time":"2025-10-27T14:29:35.148825+06:00","level":"INFO","msg":"Config initialized successfully","env":"dev"}
{"time":"2025-10-27T14:29:35.163569+06:00","level":"INFO","msg":"Database connected successfully","host":"localhost","port":"5432","username":"postgres","dbname":"easy_commerce_temp","env":"dev","show_log":"true"}
{"time":"2025-10-27T14:29:35.184395+06:00","level":"INFO","msg":"User role ALREADY EXISTS","method":"createUserRoleIfNotExists","type":"USER"}
{"time":"2025-10-27T14:29:35.256362+06:00","level":"INFO","msg":"Super Admin role ALREADY EXISTS","method":"createSuperAdminRoleIfNotExists","type":"SUPER_ADMIN"}
{"time":"2025-10-27T14:29:35.259299+06:00","level":"INFO","msg":"Super Admin user ALREADY EXISTS","method":"createSuperAdminRoleAndUserIfNotExists","email":"super123@admin.com"}
{"time":"2025-10-27T14:29:35.261306+06:00","level":"INFO","msg":"Server starting","port":"8080"}
{"time":"2025-10-27T14:41:13.532734+06:00","level":"INFO","msg":"Config initialized successfully","env":"dev"}
{"time":"2025-10-27T14:41:13.548392+06:00","level":"INFO","msg":"Database connected successfully","host":"localhost","port":"5432","username":"postgres","dbname":"easy_commerce_temp","env":"dev","show_log":"true"}
{"time":"2025-10-27T14:41:13.559695+06:00","level":"INFO","msg":"User role ALREADY EXISTS","method":"createUserRoleIfNotExists","type":"USER"}
{"time":"2025-10-27T14:41:13.642263+06:00","level":"INFO","msg":"Super Admin role ALREADY EXISTS","method":"createSuperAdminRoleIfNotExists","type":"SUPER_ADMIN"}
{"time":"2025-10-27T14:41:13.643882+06:00","level":"INFO","msg":"Super Admin user ALREADY EXISTS","method":"createSuperAdminRoleAndUserIfNotExists","email":"super123@admin.com"}
{"time":"2025-10-27T14:41:13.644916+06:00","level":"INFO","msg":"Server starting","port":"8080"}
{"time":"2025-10-27T16:04:46.396805+06:00","level":"INFO","msg":"Config initialized successfully","env":"dev"}
{"time":"2025-10-27T16:04:46.410943+06:00","level":"INFO","msg":"Database connected successfully","host":"localhost","port":"5432","username":"postgres","dbname":"easy_commerce_temp","env":"dev","show_log":"true"}
{"time":"2025-10-27T16:04:46.425346+06:00","level":"INFO","msg":"User role ALREADY EXISTS","method":"createUserRoleIfNotExists","type":"USER"}
{"time":"2025-10-27T16:04:46.503193+06:00","level":"INFO","msg":"Super Admin role ALREADY EXISTS","method":"createSuperAdminRoleIfNotExists","type":"SUPER_ADMIN"}
{"time":"2025-10-27T16:04:46.506629+06:00","level":"INFO","msg":"Super Admin user ALREADY EXISTS","method":"createSuperAdminRoleAndUserIfNotExists","email":"super123@admin.com"}
{"time":"2025-10-27T16:04:46.507815+06:00","level":"INFO","msg":"Server starting","port":"8080"}
{"time":"2025-10-27T16:10:44.518811+06:00","level":"INFO","msg":"Config initialized successfully","env":"dev"}
{"time":"2025-10-27T16:10:44.529041+06:00","level":"INFO","msg":"Database connected successfully","host":"localhost","port":"5432","username":"postgres","dbname":"easy_commerce_temp","env":"dev","show_log":"true"}
{"time":"2025-10-27T16:10:44.536165+06:00","level":"INFO","msg":"User role ALREADY EXISTS","method":"createUserRoleIfNotExists","type":"USER"}
{"time":"2025-10-27T16:10:44.607341+06:00","level":"INFO","msg":"Super Admin role ALREADY EXISTS","method":"createSuperAdminRoleIfNotExists","type":"SUPER_ADMIN"}
{"time":"2025-10-27T16:10:44.6088+06:00","level":"INFO","msg":"Super Admin user ALREADY EXISTS","method":"createSuperAdminRoleAndUserIfNotExists","email":"super123@admin.com"}
{"time":"2025-10-27T16:10:44.61066+06:00","level":"INFO","msg":"Server starting","port":"8080"}
{"time":"2025-10-27T16:38:07.575663+06:00","level":"INFO","msg":"Config initialized successfully","env":"dev"}
{"time":"2025-10-27T16:38:07.595978+06:00","level":"INFO","msg":"Database connected successfully","host":"localhost","port":"5432","username":"postgres","dbname":"easy_commerce_temp","env":"dev","show_log":"true"}
{"time":"2025-10-27T16:38:07.609364+06:00","level":"INFO","msg":"User role ALREADY EXISTS","method":"createUserRoleIfNotExists","type":"USER"}
{"time":"2025-10-27T16:38:07.68556+06:00","level":"INFO","msg":"Super Admin role ALREADY EXISTS","method":"createSuperAdminRoleIfNotExists","type":"SUPER_ADMIN"}
{"time":"2025-10-27T16:38:07.687479+06:00","level":"INFO","msg":"Super Admin user ALREADY EXISTS","method":"createSuperAdminRoleAndUserIfNotExists","email":"super123@admin.com"}
{"time":"2025-10-27T16:38:07.688491+06:00","level":"INFO","msg":"Server starting","port":"8080"}
{"time":"2025-10-27T16:47:26.731207+06:00","level":"INFO","msg":"Config initialized successfully","env":"dev"}
{"time":"2025-10-27T16:47:26.746423+06:00","level":"INFO","msg":"Database connected successfully","host":"localhost","port":"5432","username":"postgres","dbname":"easy_commerce_temp","env":"dev","show_log":"true"}
{"time":"2025-10-27T16:47:26.788398+06:00","level":"INFO","msg":"User role ALREADY EXISTS","method":"createUserRoleIfNotExists","type":"USER"}
{"time":"2025-10-27T16:47:26.883304+06:00","level":"INFO","msg":"Super Admin role ALREADY EXISTS","method":"createSuperAdminRoleIfNotExists","type":"SUPER_ADMIN"}
{"time":"2025-10-27T16:47:26.88465+06:00","level":"INFO","msg":"Super Admin user ALREADY EXISTS","method":"createSuperAdminRoleAndUserIfNotExists","email":"super123@admin.com"}
{"time":"2025-10-27T16:47:26.885752+06:00","level":"INFO","msg":"Server starting","port":"8080"}
{"time":"2025-10-27T17:16:04.153035+06:00","level":"INFO","msg":"Config initialized successfully","env":"dev"}
{"time":"2025-10-27T17:16:04.17189+06:00","level":"INFO","msg":"Database connected successfully","host":"localhost","port":"5432","username":"postgres","dbname":"easy_commerce_temp","env":"dev","show_log":"true"}
{"time":"2025-10-27T17:16:04.180298+06:00","level":"INFO","msg":"User role ALREADY EXISTS","method":"createUserRoleIfNotExists","type":"USER"}
{"time":"2025-10-27T17:16:04.255808+06:00","level":"INFO","msg":"Super Admin role ALREADY EXISTS","method":"createSuperAdminRoleIfNotExists","type":"SUPER_ADMIN"}
{"time":"2025-10-27T17:16:04.257696+06:00","level":"INFO","msg":"Super Admin user ALREADY EXISTS","method":"createSuperAdminRoleAndUserIfNotExists","email":"super123@admin.com"}
{"time":"2025-10-27T17:16:04.25883+06:00","level":"INFO","msg":"Server starting","port":"8080"}
{"time":"2025-10-27T17:29:50.901125+06:00","level":"INFO","msg":"Config initialized successfully","env":"dev"}
{"time":"2025-10-27T17:29:50.915555+06:00","level":"INFO","msg":"Database connected successfully","host":"localhost","port":"5432","username":"postgres","dbname":"easy_commerce_temp","env":"dev","show_log":"true"}
{"time":"2025-10-27T17:29:50.924385+06:00","level":"INFO","msg":"User role ALREADY EXISTS","method":"createUserRoleIfNotExists","type":"USER"}
{"time":"2025-10-27T17:29:51.000453+06:00","level":"INFO","msg":"Super Admin role ALREADY EXISTS","method":"createSuperAdminRoleIfNotExists","type":"SUPER_ADMIN"}
{"time":"2025-10-27T17:29:51.002684+06:00","level":"INFO","msg":"Super Admin user ALREADY EXISTS","method":"createSuperAdminRoleAndUserIfNotExists","email":"super123@admin.com"}
{"time":"2025-10-27T17:29:51.004296+06:00","level":"INFO","msg":"Server starting","port":"8080"}
{"time":"2025-10-27T17:29:54.143053+06:00","level":"INFO","msg":"🟢 START-REQUEST 🟢","path":"/auth/login","http-method":"POST"}
{"time":"2025-10-27T17:29:54.255217+06:00","level":"INFO","msg":"✅ END-REQUEST ✅","path":"/auth/login","http-method":"POST","duration":"112.171ms"}
{"time":"2025-10-27T17:29:55.693997+06:00","level":"INFO","msg":"🟢 START-REQUEST 🟢","path":"/auth/login","http-method":"POST"}
{"time":"2025-10-27T17:29:55.786106+06:00","level":"INFO","msg":"✅ END-REQUEST ✅","path":"/auth/login","http-method":"POST","duration":"92.114ms"}
{"time":"2025-10-27T17:29:58.359809+06:00","level":"INFO","msg":"🟢 START-REQUEST 🟢","path":"/auth/login","http-method":"POST"}
{"time":"2025-10-27T17:29:58.44624+06:00","level":"INFO","msg":"✅ END-REQUEST ✅","path":"/auth/login","http-method":"POST","duration":"86.437ms"}
{"time":"2025-10-27T17:30:03.722721+06:00","level":"INFO","msg":"🟢 START-REQUEST 🟢","path":"/auth/login","http-method":"POST"}
{"time":"2025-10-27T17:30:03.814512+06:00","level":"INFO","msg":"✅ END-REQUEST ✅","path":"/auth/login","http-method":"POST","duration":"91.795ms"}
{"time":"2025-10-27T17:38:26.673692+06:00","level":"INFO","msg":"Config initialized successfully","env":"dev"}
{"time":"2025-10-27T17:38:26.685137+06:00","level":"INFO","msg":"Database connected successfully","host":"localhost","port":"5432","username":"postgres","dbname":"easy_commerce_temp","env":"dev","show_log":"true"}
{"time":"2025-10-27T17:38:26.695357+06:00","level":"INFO","msg":"User role ALREADY EXISTS","method":"createUserRoleIfNotExists","type":"USER"}
{"time":"2025-10-27T17:38:26.775849+06:00","level":"INFO","msg":"Super Admin role ALREADY EXISTS","method":"createSuperAdminRoleIfNotExists","type":"SUPER_ADMIN"}
{"time":"2025-10-27T17:38:26.778145+06:00","level":"INFO","msg":"Super Admin user ALREADY EXISTS","method":"createSuperAdminRoleAndUserIfNotExists","email":"super123@admin.com"}
{"time":"2025-10-27T17:38:26.779175+06:00","level":"INFO","msg":"Server starting","port":"8080"}
{"time":"2025-10-27T18:00:49.775427+06:00","level":"INFO","msg":"Config initialized successfully","env":"dev"}
{"time":"2025-10-27T18:00:49.789956+06:00","level":"INFO","msg":"Database connected successfully","host":"localhost","port":"5432","username":"postgres","dbname":"easy_commerce_temp","env":"dev","show_log":"true"}
{"time":"2025-10-27T18:00:49.802377+06:00","level":"INFO","msg":"User role ALREADY EXISTS","method":"createUserRoleIfNotExists","type":"USER"}
{"time":"2025-10-27T18:00:49.880742+06:00","level":"INFO","msg":"Super Admin role ALREADY EXISTS","method":"createSuperAdminRoleIfNotExists","type":"SUPER_ADMIN"}
{"time":"2025-10-27T18:00:49.885786+06:00","level":"INFO","msg":"Super Admin user ALREADY EXISTS","method":"createSuperAdminRoleAndUserIfNotExists","email":"super123@admin.com"}
{"time":"2025-10-27T18:00:49.886781+06:00","level":"INFO","msg":"Server starting","port":"8080"}
{"time":"2025-10-27T18:07:30.492119+06:00","level":"INFO","msg":"Config initialized successfully","env":"dev"}
{"time":"2025-10-27T18:07:30.504115+06:00","level":"INFO","msg":"Database connected successfully","host":"localhost","port":"5432","username":"postgres","dbname":"easy_commerce_temp","env":"dev","show_log":"true"}
{"time":"2025-10-27T18:07:30.513432+06:00","level":"INFO","msg":"User role ALREADY EXISTS","method":"createUserRoleIfNotExists","type":"USER"}
{"time":"2025-10-27T18:07:30.582204+06:00","level":"INFO","msg":"Super Admin role ALREADY EXISTS","method":"createSuperAdminRoleIfNotExists","type":"SUPER_ADMIN"}
{"time":"2025-10-27T18:07:30.584404+06:00","level":"INFO","msg":"Super Admin user ALREADY EXISTS","method":"createSuperAdminRoleAndUserIfNotExists","email":"super123@admin.com"}
{"time":"2025-10-27T18:07:30.585325+06:00","level":"INFO","msg":"Server starting","port":"8080"}
{"time":"2025-10-27T18:08:35.236357+06:00","level":"INFO","msg":"Config initialized successfully","env":"dev"}
{"time":"2025-10-27T18:08:35.249728+06:00","level":"INFO","msg":"Database connected successfully","host":"localhost","port":"5432","username":"postgres","dbname":"easy_commerce_temp","env":"dev","show_log":"true"}
{"time":"2025-10-27T18:08:35.259198+06:00","level":"INFO","msg":"User role ALREADY EXISTS","method":"createUserRoleIfNotExists","type":"USER"}
{"time":"2025-10-27T18:08:35.330072+06:00","level":"INFO","msg":"Super Admin role ALREADY EXISTS","method":"createSuperAdminRoleIfNotExists","type":"SUPER_ADMIN"}
{"time":"2025-10-27T18:08:35.332146+06:00","level":"INFO","msg":"Super Admin user ALREADY EXISTS","method":"createSuperAdminRoleAndUserIfNotExists","email":"super123@admin.com"}
{"time":"2025-10-27T18:08:35.333604+06:00","level":"INFO","msg":"Server starting","port":"8080"}
{"time":"2025-10-27T18:08:54.733188+06:00","level":"INFO","msg":"🟢 START-REQUEST 🟢","path":"/system/social-flow","http-method":"GET"}
{"time":"2025-10-27T18:08:54.734381+06:00","level":"INFO","msg":"✅ END-REQUEST ✅","path":"/system/social-flow","http-method":"GET","duration":"1.201ms"}
{"time":"2025-10-27T18:08:59.025197+06:00","level":"INFO","msg":"🟢 START-REQUEST 🟢","path":"/system/social-flow/callback","http-method":"GET"}
{"time":"2025-10-27T18:08:59.683908+06:00","level":"INFO","msg":"✅ END-REQUEST ✅","path":"/system/social-flow/callback","http-method":"GET","duration":"658.701ms"}
{"time":"2025-10-27T18:09:51.11332+06:00","level":"INFO","msg":"Config initialized successfully","env":"dev"}
{"time":"2025-10-27T18:09:51.122806+06:00","level":"INFO","msg":"Database connected successfully","host":"localhost","port":"5432","username":"postgres","dbname":"easy_commerce_temp","env":"dev","show_log":"true"}
{"time":"2025-10-27T18:09:51.132664+06:00","level":"INFO","msg":"User role ALREADY EXISTS","method":"createUserRoleIfNotExists","type":"USER"}
{"time":"2025-10-27T18:09:51.20461+06:00","level":"INFO","msg":"Super Admin role ALREADY EXISTS","method":"createSuperAdminRoleIfNotExists","type":"SUPER_ADMIN"}
{"time":"2025-10-27T18:09:51.207156+06:00","level":"INFO","msg":"Super Admin user ALREADY EXISTS","method":"createSuperAdminRoleAndUserIfNotExists","email":"super123@admin.com"}
{"time":"2025-10-27T18:09:51.208915+06:00","level":"INFO","msg":"Server starting","port":"8080"}
{"time":"2025-10-27T18:09:58.109006+06:00","level":"INFO","msg":"🟢 START-REQUEST 🟢","path":"/system/social-flow/callback","http-method":"GET"}
{"time":"2025-10-27T18:09:58.529382+06:00","level":"INFO","msg":"✅ END-REQUEST ✅","path":"/system/social-flow/callback","http-method":"GET","duration":"420.376ms"}
{"time":"2025-10-27T18:10:41.789798+06:00","level":"INFO","msg":"🟢 START-REQUEST 🟢","path":"/auth/social-login","http-method":"POST"}
{"time":"2025-10-27T18:10:41.790532+06:00","level":"INFO","msg":"✅ END-REQUEST ✅","path":"/auth/social-login","http-method":"POST","duration":"738µs"}
{"time":"2025-10-27T18:10:51.187675+06:00","level":"INFO","msg":"🟢 START-REQUEST 🟢","path":"/auth/social-login","http-method":"POST"}
{"time":"2025-10-27T18:10:51.713631+06:00","level":"ERROR","msg":"❌ Failed to fetch user by email","method":"GetUserByEmail","error":"record not found","email":"zakariaaltime@gmail.com"}
{"time":"2025-10-27T18:10:55.420842+06:00","level":"INFO","msg":"✅ END-REQUEST ✅","path":"/auth/social-login","http-method":"POST","duration":"4.233172s"}
{"time":"2025-10-27T18:26:01.736852+06:00","level":"INFO","msg":"🟢 START-REQUEST 🟢","path":"/auth/login","http-method":"POST"}
{"time":"2025-10-27T18:26:01.740969+06:00","level":"ERROR","msg":"❌ Failed to fetch user by email","method":"GetUserByEmail","error":"record not found","email":"abc@2ex3amp1l.com"}
{"time":"2025-10-27T18:26:01.741134+06:00","level":"INFO","msg":"✅ END-REQUEST ✅","path":"/auth/login","http-method":"POST","duration":"4.286ms"}
{"time":"2025-10-27T18:26:05.487637+06:00","level":"INFO","msg":"🟢 START-REQUEST 🟢","path":"/auth/login","http-method":"POST"}
{"time":"2025-10-27T18:26:05.592004+06:00","level":"INFO","msg":"✅ END-REQUEST ✅","path":"/auth/login","http-method":"POST","duration":"104.375ms"}
{"time":"2025-10-27T18:26:24.688518+06:00","level":"INFO","msg":"🟢 START-REQUEST 🟢","path":"/users/profile","http-method":"GET"}
{"time":"2025-10-27T18:26:24.689069+06:00","level":"ERROR","msg":"❌ Invalid/expired jwt token","method":"RequireAuth","error":"failed to verify token"}
{"time":"2025-10-27T18:26:24.689168+06:00","level":"INFO","msg":"✅ END-REQUEST ✅","path":"/users/profile","http-method":"GET","duration":"653µs"}
{"time":"2025-10-27T18:27:19.757839+06:00","level":"INFO","msg":"Config initialized successfully","env":"dev"}
{"time":"2025-10-27T18:27:19.766188+06:00","level":"INFO","msg":"Database connected successfully","host":"localhost","port":"5432","username":"postgres","dbname":"easy_commerce_temp","env":"dev","show_log":"true"}
{"time":"2025-10-27T18:27:19.776394+06:00","level":"INFO","msg":"User role ALREADY EXISTS","method":"createUserRoleIfNotExists","type":"USER"}
{"time":"2025-10-27T18:27:19.855159+06:00","level":"INFO","msg":"Super Admin role ALREADY EXISTS","method":"createSuperAdminRoleIfNotExists","type":"SUPER_ADMIN"}
{"time":"2025-10-27T18:27:19.857179+06:00","level":"INFO","msg":"Super Admin user ALREADY EXISTS","method":"createSuperAdminRoleAndUserIfNotExists","email":"super123@admin.com"}
{"time":"2025-10-27T18:27:19.858983+06:00","level":"INFO","msg":"Server starting","port":"8080"}
{"time":"2025-10-27T18:27:22.915283+06:00","level":"INFO","msg":"🟢 START-REQUEST 🟢","path":"/users/profile","http-method":"GET"}
{"time":"2025-10-27T18:27:22.916753+06:00","level":"ERROR","msg":"❌ Invalid/expired jwt token","method":"RequireAuth","error":"Invalid/expired jwt token"}
{"time":"2025-10-27T18:27:22.916916+06:00","level":"INFO","msg":"✅ END-REQUEST ✅","path":"/users/profile","http-method":"GET","duration":"1.641ms"}
{"time":"2025-10-27T18:27:30.882658+06:00","level":"INFO","msg":"🟢 START-REQUEST 🟢","path":"/users/profile","http-method":"GET"}
{"time":"2025-10-27T18:27:30.891272+06:00","level":"INFO","msg":"✅ END-REQUEST ✅","path":"/users/profile","http-method":"GET","duration":"8.615ms"}
{"time":"2025-10-27T18:46:54.356667+06:00","level":"WARN","msg":"Environment file not found","file":".env.dev","path":"/Users/zakaria/Documents/Easy-Comerce/backend/.env.dev","error":"open /Users/zakaria/Documents/Easy-Comerce/backend/.env.dev: no such file or directory"}
{"time":"2025-10-27T18:47:23.933291+06:00","level":"INFO","msg":"Config initialized successfully","env":"dev"}
{"time":"2025-10-27T18:47:23.945072+06:00","level":"INFO","msg":"Database connected successfully","host":"localhost","port":"5432","username":"postgres","dbname":"easy_commerce_temp","env":"dev","show_log":"true"}
{"time":"2025-10-27T18:47:23.953049+06:00","level":"INFO","msg":"User role ALREADY EXISTS","method":"createUserRoleIfNotExists","type":"USER"}
{"time":"2025-10-27T18:47:24.024153+06:00","level":"INFO","msg":"Super Admin role ALREADY EXISTS","method":"createSuperAdminRoleIfNotExists","type":"SUPER_ADMIN"}
{"time":"2025-10-27T18:47:24.025738+06:00","level":"INFO","msg":"Super Admin user ALREADY EXISTS","method":"createSuperAdminRoleAndUserIfNotExists","email":"super123@admin.com"}
{"time":"2025-10-27T18:47:24.02723+06:00","level":"INFO","msg":"Server starting","port":"8080"}
{"time":"2025-10-27T18:47:28.483031+06:00","level":"INFO","msg":"🟢 START-REQUEST 🟢","path":"/users/profile","http-method":"GET"}
{"time":"2025-10-27T18:47:28.493305+06:00","level":"INFO","msg":"✅ END-REQUEST ✅","path":"/users/profile","http-method":"GET","duration":"10.282ms"}
