{"time":"2025-09-03T19:31:35.153379+06:00","level":"INFO","msg":"Testing dual logging system","message":"This should appear in both console and file"}
{"time":"2025-09-03T19:31:35.153644+06:00","level":"ERROR","msg":"Testing error logging","error":"sample error","code":500}
{"time":"2025-09-03T19:31:35.153693+06:00","level":"DEBUG","msg":"Testing debug logging","debug_info":"This should only appear in file"}
{"time":"2025-09-03T19:31:35.15375+06:00","level":"WARN","msg":"Testing warning logging","warning":"This is a warning message"}
{"time":"2025-09-03T19:31:37.154937+06:00","level":"INFO","msg":"Logging test completed"}
{"time":"2025-09-03T19:37:01.49533+06:00","level":"INFO","msg":"Testing dual logging system","message":"This should appear in both console and file"}
{"time":"2025-09-03T19:37:01.495361+06:00","level":"ERROR","msg":"Testing error logging","error":"Sample error message","code":500}
{"time":"2025-09-03T19:37:01.495369+06:00","level":"DEBUG","msg":"Testing debug logging","debug":"This should only appear in file logs"}
{"time":"2025-09-03T19:42:42.801511+06:00","level":"INFO","msg":"Testing dual logging","message":"This should appear in both console and file"}
{"time":"2025-09-03T19:42:42.801917+06:00","level":"ERROR","msg":"Testing error logging","error":"Sample error message","code":500}
{"time":"2025-09-03T19:42:42.801987+06:00","level":"DEBUG","msg":"Testing debug logging","debug":"This debug message should only appear in file"}
{"time":"2025-09-03T19:42:44.803192+06:00","level":"INFO","msg":"Logging test completed"}
{"time":"2025-09-03T19:45:26.307593+06:00","level":"INFO","msg":"Test log message","test":"file logging","timestamp":"now"}
{"time":"2025-09-03T19:45:26.307849+06:00","level":"ERROR","msg":"Test error message","error":"test error","code":500}
{"time":"2025-09-03T19:45:26.307899+06:00","level":"WARN","msg":"Test warning message","warning":"test warning"}
{"time":"2025-09-03T19:50:41.640359+06:00","level":"INFO","msg":"Testing dual logging system","message":"This should appear in both console and file"}
{"time":"2025-09-03T19:50:41.640564+06:00","level":"ERROR","msg":"Testing error logging","error":"Sample error message","code":500}
{"time":"2025-09-03T19:50:41.640607+06:00","level":"WARN","msg":"Testing warning logging","warning":"This is a warning message"}
{"time":"2025-09-03T19:56:09.261091+06:00","level":"INFO","msg":"Logger is working correctly","test":"initialization"}
{"time":"2025-09-03T20:00:59.371409+06:00","level":"ERROR","msg":"This should appear in BOTH console and file","error":"Error level message"}
